// Jest Snapshot v1, https://goo.gl/fbAQLP

exports[`Application renders correctly 1`] = `
<div>
  <div
    class="loading-component flex h-full items-center justify-center"
  >
    <div
      class="flex flex-row items-center gap-2"
    >
      <span
        class="fa-solid fa-spinner fa-spin-pulse"
      />
      <p>
        Fetching user data, please wait...
      </p>
    </div>
  </div>
</div>
`;
