// Jest Snapshot v1, https://goo.gl/fbAQLP

exports[`Button matches snapshot 1`] = `
<div>
  <button
    class="m-1 flex items-center justify-center gap-2 rounded-md bg-thischord-500 px-3 py-2 text-thischord-100 hover:bg-thischord-400 undefined"
  >
    <i
      class="shrink-0 text-thischord-100 fa-solid fa-comment"
    />
    Test button
  </button>
</div>
`;
