// Jest Snapshot v1, https://goo.gl/fbAQLP

exports[`Front page matches snapshot for given user 1`] = `
<div>
  <div
    class="page"
  >
    <header
      class="header"
    >
      <div
        class="title"
      >
        <i
          class="icon fa-solid fa-gamepad"
        />
        <h1>
          Thischord
        </h1>
      </div>
      <div>
        <button
          class="button danger"
        >
          Log out
        </button>
      </div>
    </header>
    <div
      class="sidebar"
    >
      <div
        style="display: flex; flex-direction: column;"
      >
        <button
          class="button "
        >
          <i
            class="icon fa-solid fa-user"
          />
          Profile
        </button>
        <button
          class="button "
        >
          <i
            class="icon fa-solid fa-comment"
          />
          Chat
        </button>
      </div>
    </div>
    <div
      class="content"
    >
      <div>
        <h1>
          Not found...
        </h1>
      </div>
    </div>
  </div>
</div>
`;

exports[`Front page matches snapshot for no user 1`] = `
<div>
  <div
    class="loading-component"
  >
    <div>
      <span
        class="fa-solid fa-spinner fa-spin-pulse"
      />
      <p>
        Redirecting to login...
      </p>
    </div>
  </div>
</div>
`;
