// Jest Snapshot v1, https://goo.gl/fbAQLP

exports[` 1`] = `undefined`;

exports[` 2`] = `undefined`;

exports[`Header matches snapshot with a user 1`] = `
<div>
  <header
    class="col-span-2 flex flex-row items-center justify-between border-b-2 border-solid border-thischord-900 bg-thischord-600 p-4"
  >
    <div
      class="flex flex-row items-center gap-3"
    >
      <i
        class="fa-solid fa-gamepad"
      />
      <h1
        class="text-2xl font-black"
      >
        Thischord
      </h1>
    </div>
    <div />
  </header>
</div>
`;

exports[`Header matches snapshot with no user 1`] = `
<div>
  <header
    class="col-span-2 flex flex-row items-center justify-between border-b-2 border-solid border-thischord-900 bg-thischord-600 p-4"
  >
    <div
      class="flex flex-row items-center gap-3"
    >
      <i
        class="fa-solid fa-gamepad"
      />
      <h1
        class="text-2xl font-black"
      >
        Thischord
      </h1>
    </div>
    <div />
  </header>
</div>
`;
