// Jest Snapshot v1, https://goo.gl/fbAQLP

exports[`LoginForm matches snapshot 1`] = `
<div>
  <div
    class="m-1 grid h-full grid-cols-2 grid-rows-[5em_1fr] gap-0 overflow-clip rounded-md"
  >
    <header
      class="col-span-2 flex flex-row items-center justify-between border-b-2 border-solid border-thischord-900 bg-thischord-600 p-4"
    >
      <div
        class="flex flex-row items-center gap-3"
      >
        <i
          class="fa-solid fa-gamepad"
        />
        <h1
          class="text-2xl font-black"
        >
          Thischord
        </h1>
      </div>
      <div />
    </header>
    <div
      class="col-span-2 min-h-0 bg-thischord-700"
    >
      <div
        class="flex h-full flex-col items-center justify-center"
      >
        <h1>
          Welcome!
        </h1>
        <p>
          Please log in
        </p>
        <div
          class="w flex w-72 flex-col"
        >
          <button
            class="m-1 flex items-center justify-center gap-2 rounded-md bg-thischord-500 px-3 py-2 text-thischord-100 hover:bg-thischord-400 undefined"
          >
            <i
              class="shrink-0 text-thischord-100 fa-brands fa-google"
            />
            Log in with Google
          </button>
          <button
            class="m-1 flex items-center justify-center gap-2 rounded-md bg-thischord-500 px-3 py-2 text-thischord-100 hover:bg-thischord-400 undefined"
          >
            <i
              class="shrink-0 text-thischord-100 fa-brands fa-microsoft"
            />
            Log in with Active Directory
          </button>
        </div>
      </div>
    </div>
  </div>
</div>
`;
